// Vitest Snapshot v1, https://vitest.dev/guide/snapshot.html

exports[`Export Snapshot > should export the expected public API surface 1`] = `
[
  "AccessCalculator",
  "acoth",
  "acsch",
  "angularDiameter",
  "AngularDiameterMethod",
  "angularDistance",
  "AngularDistanceMethod",
  "angularVelocityOfEarth",
  "Antenna",
  "array2d",
  "asec2rad",
  "asech",
  "AtmosphericDrag",
  "azel2uv",
  "BaseObject",
  "BatchLeastSquaresOD",
  "BatchLeastSquaresResult",
  "Beacon",
  "bodyTypeLookup",
  "boresightFrameFromAzElRoll",
  "BoxMuller",
  "calcGmst",
  "calcIncFromAz",
  "calcInertAz",
  "calculateFspl",
  "calculatePropagationDelay",
  "cappedScreeningCovarianceFromTle",
  "CatalogScreener",
  "CatalogSource",
  "CdmExporter",
  "CdmParser",
  "CelestialBody",
  "CelestialBodyType",
  "CenterBody",
  "CenterBodyMu",
  "ChebyshevCoefficients",
  "ChebyshevCompressor",
  "ChebyshevInterpolator",
  "cKmPerMs",
  "cKmPerSec",
  "clamp",
  "ClassicalElements",
  "cMPerSec",
  "CommDeviceType",
  "CommLink",
  "CommunicationDevice",
  "concat",
  "ConjunctionAssessment",
  "ConjunctionEvent",
  "ConstellationGenerator",
  "ContactScheduler",
  "ContactSelectionStrategy",
  "copySign",
  "covariance",
  "CovarianceFrame",
  "CovarianceRealism",
  "CovarianceSample",
  "createCovarianceFromTle",
  "createSampleCovarianceFromTle",
  "createVec",
  "csch",
  "CubicSpline",
  "CubicSplineInterpolator",
  "DataHandler",
  "dbmToDbw",
  "dbwToDbm",
  "dbwToWatts",
  "DEFAULT_INTERPOLATOR",
  "DEFAULT_LAGRANGE_ORDER",
  "deg2rad",
  "DEG2RAD",
  "derivative",
  "dopplerFactor",
  "DormandPrince54Propagator",
  "DownhillSimplex",
  "DynamicGroundObject",
  "Earth",
  "EarthGravity",
  "earthGravityParam",
  "ecef2eci",
  "ecef2enu",
  "ecef2rae",
  "ecefRad2rae",
  "eci2ecef",
  "eci2lla",
  "eci2rae",
  "enu2rf",
  "EphemerisBody",
  "EphemerisSatellite",
  "Epoch",
  "EpochGPS",
  "EpochTAI",
  "EpochTDB",
  "EpochTT",
  "EpochUTC",
  "EpochWindow",
  "EquinoctialElements",
  "estimateRcs",
  "estimateVmagFromRcs",
  "EulerAngles",
  "evalPoly",
  "factorial",
  "FieldInterpolator",
  "FieldOfView",
  "Force",
  "ForceModel",
  "FormatTle",
  "FovFrame",
  "FovShape",
  "gamma",
  "Geodetic",
  "getDayOfYear",
  "getDegLat",
  "getDegLon",
  "getRadLat",
  "getRadLon",
  "GibbsIOD",
  "GoldenSection",
  "GoodingIOD",
  "Gravity",
  "GroundObject",
  "GroundStation",
  "halfPi",
  "HerrickGibbsIOD",
  "Hill",
  "History",
  "HorizonsParser",
  "Interpolator",
  "InterpolatorType",
  "isLeapYear",
  "ITRF",
  "J2000",
  "jacobian",
  "jday",
  "Jupiter",
  "KeplerPropagator",
  "KM_PER_AU",
  "LagrangeInterpolator",
  "LambertIOD",
  "LandObject",
  "LaserRangingSensor",
  "LaunchTrajectoryGenerator",
  "LevenbergMarquardtOD",
  "LevenbergMarquardtResult",
  "linearDistance",
  "linearInterpolate",
  "lla2ecef",
  "lla2eci",
  "lla2sez",
  "llaRad2ecef",
  "log10",
  "mag2db",
  "Marker",
  "Mars",
  "masec2rad",
  "matchHalfPlane",
  "Matrix",
  "mean",
  "MechanicalRadar",
  "Mercury",
  "MILLISECONDS_PER_DAY",
  "MILLISECONDS_PER_SECOND",
  "MILLISECONDS_TO_DAYS",
  "MINUTES_PER_DAY",
  "ModifiedGoodingIOD",
  "ModulationType",
  "Moon",
  "MoonBody",
  "MS_PER_DAY",
  "msec2sec",
  "Neptune",
  "newtonM",
  "newtonNu",
  "normalizeAngle",
  "Observation",
  "observationDerivative",
  "observationNoiseFromSigmas",
  "ObservationOptical",
  "ObservationRadar",
  "OdmExporter",
  "OemParser",
  "OmmParser",
  "OotkError",
  "OpticalSensor",
  "OrbitDeterminationError",
  "OrbitFinder",
  "OrbitRegime",
  "parseCenterBody",
  "ParseError",
  "PassiveRFSensor",
  "PassType",
  "PayloadStatus",
  "PhasedArrayRadar",
  "PI",
  "PlaneChangeBurn",
  "PlanetBody",
  "Pluto",
  "PolynomialRegression",
  "ProbabilityOfCollision",
  "PropagationError",
  "Propagator",
  "PropagatorType",
  "PropellantBudget",
  "Quaternion",
  "rad2deg",
  "RAD2DEG",
  "RadarSensor",
  "RadecGeocentric",
  "RadecTopocentric",
  "radecToPosition",
  "radecToVelocity",
  "RADIUS_OF_EARTH",
  "RAE",
  "rae2ecef",
  "rae2eci",
  "rae2enu",
  "rae2raeOffBoresight",
  "rae2ruv",
  "rae2sez",
  "Random",
  "RandomGaussianSource",
  "RCS_VMAG_ESTIMATE_MAX",
  "RCS_VMAG_ESTIMATE_MIN",
  "Receiver",
  "RelativeState",
  "relativeVelocity",
  "RepeatGroundTrack",
  "RIC",
  "RkCheckpoint",
  "RkResult",
  "RungeKutta4Propagator",
  "RungeKutta89Propagator",
  "RungeKuttaAdaptive",
  "rv2tle",
  "Satellite",
  "Saturn",
  "scaleAndClampRicSigmas",
  "ScheduledContact",
  "ScreeningFilter",
  "sec2day",
  "sec2deg",
  "sec2min",
  "sech",
  "secondsPerDay",
  "secondsPerSiderealDay",
  "secondsPerWeek",
  "SegmentedLagrangeInterpolator",
  "Sensor",
  "SensorType",
  "sez2rae",
  "Sgp4",
  "SGP4_WASM_ADD_SAT_ERRORS",
  "SGP4_WASM_DYN_ARR_ERRORS",
  "Sgp4Error",
  "Sgp4ErrorCode",
  "Sgp4OpsMode",
  "Sgp4Propagator",
  "Sgp4Wasm",
  "Sgp4WasmBase",
  "Sgp4WasmError",
  "Sgp4WasmLogLevel",
  "Sgp4WasmPropagator",
  "Sgp4XpWasm",
  "sign",
  "SimpleLinearRegression",
  "SLR_WAVELENGTHS",
  "SolarRadiationPressure",
  "SolarSystem",
  "SpaceObject",
  "SpaceObjectType",
  "spaceObjType2Str",
  "SPEED_OF_LIGHT_KM_S",
  "Star",
  "StateCovariance",
  "StateInterpolator",
  "StateVector",
  "std",
  "Sun",
  "SunBody",
  "SunStatus",
  "TAU",
  "TEME",
  "temp4",
  "ThirdBodyGravity",
  "Thrust",
  "TimeStamped",
  "Tle",
  "toPrecision",
  "Transmitter",
  "Transponder",
  "ttasec2rad",
  "TwoBurnOrbitTransfer",
  "Uranus",
  "uv2azel",
  "ValidationError",
  "Vector",
  "Vector3D",
  "Venus",
  "VerletBlendInterpolator",
  "VisualizationHelpers",
  "wattsToDbw",
  "Waypoint",
  "wrapAngle",
  "x2o3",
  "ZoomValue",
]
`;
